// Jest Snapshot v1, https://goo.gl/fbAQLP

exports[`Test prism function With \`highlighted\` 1`] = `
"<span class="ignored"><span class="token keyword">const</span> getBreakpoint <span class="token operator">=</span> <span class="token punctuation">(</span><span class="token punctuation">)</span><span class="token operator">:</span> <span class="token parameter">Breakpoint</span> <span class="token operator">=></span></span>
<span><span class="token keyword">typeof</span> window <span class="token operator">===</span> <span class="token string">"undefined"</span> <span class="token operator">||</span> <span class="token operator">!</span>theme<span class="token punctuation">.</span>screens</span>
<span>    <span class="token operator">?</span> <span class="token string">"unknown"</span></span>
<span>    <span class="token operator">:</span> <span class="token punctuation">(</span>Object<span class="token punctuation">.</span><span class="token function">entries</span><span class="token punctuation">(</span><span class="token punctuation">{</span> <span class="token literal-property property">xs</span><span class="token operator">:</span> <span class="token string">"0px"</span><span class="token punctuation">,</span> <span class="token operator">...</span>theme<span class="token punctuation">.</span>screens <span class="token punctuation">}</span><span class="token punctuation">)</span> <span class="token keyword">as</span> <span class="token punctuation">[</span>Breakpoint<span class="token punctuation">,</span> string<span class="token punctuation">]</span><span class="token punctuation">[</span><span class="token punctuation">]</span><span class="token punctuation">)</span></span>
<span class="ignored">          <span class="token punctuation">.</span><span class="token function">reverse</span><span class="token punctuation">(</span><span class="token punctuation">)</span></span>
<span class="ignored">          <span class="token punctuation">.</span><span class="token function">find</span><span class="token punctuation">(</span><span class="token punctuation">(</span><span class="token parameter"><span class="token punctuation">[</span>_<span class="token punctuation">,</span> width<span class="token punctuation">]</span></span><span class="token punctuation">)</span> <span class="token operator">=></span> window<span class="token punctuation">.</span><span class="token function">matchMedia</span><span class="token punctuation">(</span><span class="token template-string"><span class="token template-punctuation string">\`</span><span class="token string">(min-width: </span><span class="token interpolation"><span class="token interpolation-punctuation punctuation">\${</span>width<span class="token interpolation-punctuation punctuation">}</span></span><span class="token string">)</span><span class="token template-punctuation string">\`</span></span><span class="token punctuation">)</span><span class="token punctuation">.</span>matches<span class="token punctuation">)</span><span class="token operator">!</span><span class="token punctuation">[</span><span class="token number">0</span><span class="token punctuation">]</span><span class="token punctuation">;</span></span>"
`;

exports[`Test prism function With \`highlighted\` 2`] = `
"<span><span class="comment linenumber inline-block mr-6 text-right select-none" style="min-width:2ch">8</span><span class="token keyword">const</span> getBreakpoint <span class="token operator">=</span> <span class="token punctuation">(</span><span class="token punctuation">)</span><span class="token operator">:</span> <span class="token parameter">Breakpoint</span> <span class="token operator">=></span></span>
<span class="ignored"><span class="comment linenumber inline-block mr-6 text-right select-none" style="min-width:2ch">9</span><span class="token keyword">typeof</span> window <span class="token operator">===</span> <span class="token string">"undefined"</span> <span class="token operator">||</span> <span class="token operator">!</span>theme<span class="token punctuation">.</span>screens</span>
<span class="ignored"><span class="comment linenumber inline-block mr-6 text-right select-none" style="min-width:2ch">10</span>    <span class="token operator">?</span> <span class="token string">"unknown"</span></span>
<span><span class="comment linenumber inline-block mr-6 text-right select-none" style="min-width:2ch">11</span>    <span class="token operator">:</span> <span class="token punctuation">(</span>Object<span class="token punctuation">.</span><span class="token function">entries</span><span class="token punctuation">(</span><span class="token punctuation">{</span> <span class="token literal-property property">xs</span><span class="token operator">:</span> <span class="token string">"0px"</span><span class="token punctuation">,</span> <span class="token operator">...</span>theme<span class="token punctuation">.</span>screens <span class="token punctuation">}</span><span class="token punctuation">)</span> <span class="token keyword">as</span> <span class="token punctuation">[</span>Breakpoint<span class="token punctuation">,</span> string<span class="token punctuation">]</span><span class="token punctuation">[</span><span class="token punctuation">]</span><span class="token punctuation">)</span></span>
<span class="ignored"><span class="comment linenumber inline-block mr-6 text-right select-none" style="min-width:2ch">12</span>          <span class="token punctuation">.</span><span class="token function">reverse</span><span class="token punctuation">(</span><span class="token punctuation">)</span></span>
<span class="ignored"><span class="comment linenumber inline-block mr-6 text-right select-none" style="min-width:2ch">13</span>          <span class="token punctuation">.</span><span class="token function">find</span><span class="token punctuation">(</span><span class="token punctuation">(</span><span class="token parameter"><span class="token punctuation">[</span>_<span class="token punctuation">,</span> width<span class="token punctuation">]</span></span><span class="token punctuation">)</span> <span class="token operator">=></span> window<span class="token punctuation">.</span><span class="token function">matchMedia</span><span class="token punctuation">(</span><span class="token template-string"><span class="token template-punctuation string">\`</span><span class="token string">(min-width: </span><span class="token interpolation"><span class="token interpolation-punctuation punctuation">\${</span>width<span class="token interpolation-punctuation punctuation">}</span></span><span class="token string">)</span><span class="token template-punctuation string">\`</span></span><span class="token punctuation">)</span><span class="token punctuation">.</span>matches<span class="token punctuation">)</span><span class="token operator">!</span><span class="token punctuation">[</span><span class="token number">0</span><span class="token punctuation">]</span><span class="token punctuation">;</span></span>"
`;

exports[`Test prism function With \`lineNumberFrom\` 1`] = `
"<span class="comment linenumber inline-block mr-6 text-right select-none" style="min-width:1ch">1</span><span class="token keyword">const</span> getBreakpoint <span class="token operator">=</span> <span class="token punctuation">(</span><span class="token punctuation">)</span><span class="token operator">:</span> <span class="token parameter">Breakpoint</span> <span class="token operator">=></span>
<span class="comment linenumber inline-block mr-6 text-right select-none" style="min-width:1ch">2</span><span class="token keyword">typeof</span> window <span class="token operator">===</span> <span class="token string">"undefined"</span> <span class="token operator">||</span> <span class="token operator">!</span>theme<span class="token punctuation">.</span>screens
<span class="comment linenumber inline-block mr-6 text-right select-none" style="min-width:1ch">3</span>    <span class="token operator">?</span> <span class="token string">"unknown"</span>
<span class="comment linenumber inline-block mr-6 text-right select-none" style="min-width:1ch">4</span>    <span class="token operator">:</span> <span class="token punctuation">(</span>Object<span class="token punctuation">.</span><span class="token function">entries</span><span class="token punctuation">(</span><span class="token punctuation">{</span> <span class="token literal-property property">xs</span><span class="token operator">:</span> <span class="token string">"0px"</span><span class="token punctuation">,</span> <span class="token operator">...</span>theme<span class="token punctuation">.</span>screens <span class="token punctuation">}</span><span class="token punctuation">)</span> <span class="token keyword">as</span> <span class="token punctuation">[</span>Breakpoint<span class="token punctuation">,</span> string<span class="token punctuation">]</span><span class="token punctuation">[</span><span class="token punctuation">]</span><span class="token punctuation">)</span>
<span class="comment linenumber inline-block mr-6 text-right select-none" style="min-width:1ch">5</span>          <span class="token punctuation">.</span><span class="token function">reverse</span><span class="token punctuation">(</span><span class="token punctuation">)</span>
<span class="comment linenumber inline-block mr-6 text-right select-none" style="min-width:1ch">6</span>          <span class="token punctuation">.</span><span class="token function">find</span><span class="token punctuation">(</span><span class="token punctuation">(</span><span class="token parameter"><span class="token punctuation">[</span>_<span class="token punctuation">,</span> width<span class="token punctuation">]</span></span><span class="token punctuation">)</span> <span class="token operator">=></span> window<span class="token punctuation">.</span><span class="token function">matchMedia</span><span class="token punctuation">(</span><span class="token template-string"><span class="token template-punctuation string">\`</span><span class="token string">(min-width: </span><span class="token interpolation"><span class="token interpolation-punctuation punctuation">\${</span>width<span class="token interpolation-punctuation punctuation">}</span></span><span class="token string">)</span><span class="token template-punctuation string">\`</span></span><span class="token punctuation">)</span><span class="token punctuation">.</span>matches<span class="token punctuation">)</span><span class="token operator">!</span><span class="token punctuation">[</span><span class="token number">0</span><span class="token punctuation">]</span><span class="token punctuation">;</span>"
`;

exports[`Test prism function With \`lineNumberFrom\` 2`] = `
"<span class="comment linenumber inline-block mr-6 text-right select-none" style="min-width:2ch">8</span><span class="token keyword">const</span> getBreakpoint <span class="token operator">=</span> <span class="token punctuation">(</span><span class="token punctuation">)</span><span class="token operator">:</span> <span class="token parameter">Breakpoint</span> <span class="token operator">=></span>
<span class="comment linenumber inline-block mr-6 text-right select-none" style="min-width:2ch">9</span><span class="token keyword">typeof</span> window <span class="token operator">===</span> <span class="token string">"undefined"</span> <span class="token operator">||</span> <span class="token operator">!</span>theme<span class="token punctuation">.</span>screens
<span class="comment linenumber inline-block mr-6 text-right select-none" style="min-width:2ch">10</span>    <span class="token operator">?</span> <span class="token string">"unknown"</span>
<span class="comment linenumber inline-block mr-6 text-right select-none" style="min-width:2ch">11</span>    <span class="token operator">:</span> <span class="token punctuation">(</span>Object<span class="token punctuation">.</span><span class="token function">entries</span><span class="token punctuation">(</span><span class="token punctuation">{</span> <span class="token literal-property property">xs</span><span class="token operator">:</span> <span class="token string">"0px"</span><span class="token punctuation">,</span> <span class="token operator">...</span>theme<span class="token punctuation">.</span>screens <span class="token punctuation">}</span><span class="token punctuation">)</span> <span class="token keyword">as</span> <span class="token punctuation">[</span>Breakpoint<span class="token punctuation">,</span> string<span class="token punctuation">]</span><span class="token punctuation">[</span><span class="token punctuation">]</span><span class="token punctuation">)</span>
<span class="comment linenumber inline-block mr-6 text-right select-none" style="min-width:2ch">12</span>          <span class="token punctuation">.</span><span class="token function">reverse</span><span class="token punctuation">(</span><span class="token punctuation">)</span>
<span class="comment linenumber inline-block mr-6 text-right select-none" style="min-width:2ch">13</span>          <span class="token punctuation">.</span><span class="token function">find</span><span class="token punctuation">(</span><span class="token punctuation">(</span><span class="token parameter"><span class="token punctuation">[</span>_<span class="token punctuation">,</span> width<span class="token punctuation">]</span></span><span class="token punctuation">)</span> <span class="token operator">=></span> window<span class="token punctuation">.</span><span class="token function">matchMedia</span><span class="token punctuation">(</span><span class="token template-string"><span class="token template-punctuation string">\`</span><span class="token string">(min-width: </span><span class="token interpolation"><span class="token interpolation-punctuation punctuation">\${</span>width<span class="token interpolation-punctuation punctuation">}</span></span><span class="token string">)</span><span class="token template-punctuation string">\`</span></span><span class="token punctuation">)</span><span class="token punctuation">.</span>matches<span class="token punctuation">)</span><span class="token operator">!</span><span class="token punctuation">[</span><span class="token number">0</span><span class="token punctuation">]</span><span class="token punctuation">;</span>"
`;
